2026-05-09 23:23:24 | INFO     | Logger initialisé → logs/etl_20260509_232324.log
2026-05-09 23:23:24 | INFO     | Logger initialisé → logs/etl_20260509_232324.log
2026-05-09 23:23:24 | INFO     | Logger initialisé → logs/etl_20260509_232324.log
2026-05-09 23:23:24 | INFO     | ============================================================
2026-05-09 23:23:24 | INFO     | ============================================================
2026-05-09 23:23:24 | INFO     | DÉMARRAGE PIPELINE ETL MEXORA
2026-05-09 23:23:24 | INFO     | DÉMARRAGE PIPELINE ETL MEXORA
2026-05-09 23:23:24 | INFO     | ============================================================
2026-05-09 23:23:24 | INFO     | ============================================================
2026-05-09 23:23:24 | INFO     | --- PHASE EXTRACT ---
2026-05-09 23:23:24 | INFO     | --- PHASE EXTRACT ---
2026-05-09 23:23:24 | INFO     | [EXTRACT] Commandes : 51500 lignes extraites depuis c:\Users\pcc\OneDrive\Documents\mexora_etl\data\commandes_mexora.csv
2026-05-09 23:23:24 | INFO     | [EXTRACT] Commandes : 51500 lignes extraites depuis c:\Users\pcc\OneDrive\Documents\mexora_etl\data\commandes_mexora.csv
2026-05-09 23:23:24 | INFO     | [EXTRACT] Produits : 50 lignes extraites depuis c:\Users\pcc\OneDrive\Documents\mexora_etl\data\produits_mexora.json
2026-05-09 23:23:24 | INFO     | [EXTRACT] Produits : 50 lignes extraites depuis c:\Users\pcc\OneDrive\Documents\mexora_etl\data\produits_mexora.json
2026-05-09 23:23:24 | ERROR    | ERREUR PIPELINE : 'utf-8' codec can't decode bytes in position 4-5: unexpected end of data
Traceback (most recent call last):
  File "c:\Users\pcc\OneDrive\Documents\mexora_etl\main.py", line 43, in run_pipeline
    df_clients_raw = extract_clients(PATH_CLIENTS)
  File "c:\Users\pcc\OneDrive\Documents\mexora_etl\extract\extractor.py", line 35, in extract_clients
    df = pd.read_csv(filepath, encoding="utf-8", dtype=str)
  File "C:\Users\pcc\OneDrive\Documents\mexora_etl\venv\Lib\site-packages\pandas\io\parsers\readers.py", line 873, in read_csv
    return _read(filepath_or_buffer, kwds)
  File "C:\Users\pcc\OneDrive\Documents\mexora_etl\venv\Lib\site-packages\pandas\io\parsers\readers.py", line 306, in _read
    return parser.read(nrows)
           ~~~~~~~~~~~^^^^^^^
  File "C:\Users\pcc\OneDrive\Documents\mexora_etl\venv\Lib\site-packages\pandas\io\parsers\readers.py", line 1947, in read
    ) = self._engine.read(  # type: ignore[attr-defined]
        ~~~~~~~~~~~~~~~~~^^^^^^^^^^^^^^^^^^^^^^^^^^^^^^^
        nrows
        ^^^^^
    )
    ^
  File "C:\Users\pcc\OneDrive\Documents\mexora_etl\venv\Lib\site-packages\pandas\io\parsers\c_parser_wrapper.py", line 215, in read
    chunks = self._reader.read_low_memory(nrows)
  File "pandas/_libs/parsers.pyx", line 832, in pandas._libs.parsers.TextReader.read_low_memory
  File "pandas/_libs/parsers.pyx", line 911, in pandas._libs.parsers.TextReader._read_rows
  File "pandas/_libs/parsers.pyx", line 1009, in pandas._libs.parsers.TextReader._convert_column_data
  File "pandas/_libs/parsers.pyx", line 1048, in pandas._libs.parsers.TextReader._convert_tokens
  File "pandas/_libs/parsers.pyx", line 1151, in pandas._libs.parsers.TextReader._convert_with_dtype
  File "pandas/_libs/parsers.pyx", line 1240, in pandas._libs.parsers.TextReader._string_convert
  File "pandas/_libs/parsers.pyx", line 1527, in pandas._libs.parsers._string_box_utf8
UnicodeDecodeError: 'utf-8' codec can't decode bytes in position 4-5: unexpected end of data
2026-05-09 23:23:24 | ERROR    | ERREUR PIPELINE : 'utf-8' codec can't decode bytes in position 4-5: unexpected end of data
Traceback (most recent call last):
  File "c:\Users\pcc\OneDrive\Documents\mexora_etl\main.py", line 43, in run_pipeline
    df_clients_raw = extract_clients(PATH_CLIENTS)
  File "c:\Users\pcc\OneDrive\Documents\mexora_etl\extract\extractor.py", line 35, in extract_clients
    df = pd.read_csv(filepath, encoding="utf-8", dtype=str)
  File "C:\Users\pcc\OneDrive\Documents\mexora_etl\venv\Lib\site-packages\pandas\io\parsers\readers.py", line 873, in read_csv
    return _read(filepath_or_buffer, kwds)
  File "C:\Users\pcc\OneDrive\Documents\mexora_etl\venv\Lib\site-packages\pandas\io\parsers\readers.py", line 306, in _read
    return parser.read(nrows)
           ~~~~~~~~~~~^^^^^^^
  File "C:\Users\pcc\OneDrive\Documents\mexora_etl\venv\Lib\site-packages\pandas\io\parsers\readers.py", line 1947, in read
    ) = self._engine.read(  # type: ignore[attr-defined]
        ~~~~~~~~~~~~~~~~~^^^^^^^^^^^^^^^^^^^^^^^^^^^^^^^
        nrows
        ^^^^^
    )
    ^
  File "C:\Users\pcc\OneDrive\Documents\mexora_etl\venv\Lib\site-packages\pandas\io\parsers\c_parser_wrapper.py", line 215, in read
    chunks = self._reader.read_low_memory(nrows)
  File "pandas/_libs/parsers.pyx", line 832, in pandas._libs.parsers.TextReader.read_low_memory
  File "pandas/_libs/parsers.pyx", line 911, in pandas._libs.parsers.TextReader._read_rows
  File "pandas/_libs/parsers.pyx", line 1009, in pandas._libs.parsers.TextReader._convert_column_data
  File "pandas/_libs/parsers.pyx", line 1048, in pandas._libs.parsers.TextReader._convert_tokens
  File "pandas/_libs/parsers.pyx", line 1151, in pandas._libs.parsers.TextReader._convert_with_dtype
  File "pandas/_libs/parsers.pyx", line 1240, in pandas._libs.parsers.TextReader._string_convert
  File "pandas/_libs/parsers.pyx", line 1527, in pandas._libs.parsers._string_box_utf8
UnicodeDecodeError: 'utf-8' codec can't decode bytes in position 4-5: unexpected end of data
