2026-05-11 09:13:28 | INFO     | Logger initialisé → logs/etl_20260511_091328.log
2026-05-11 09:13:28 | INFO     | ============================================================
2026-05-11 09:13:28 | INFO     | DÉMARRAGE PIPELINE ETL MEXORA
2026-05-11 09:13:28 | INFO     | ============================================================
2026-05-11 09:13:28 | INFO     | --- PHASE EXTRACT ---
2026-05-11 09:13:28 | INFO     | [EXTRACT] commandes : 51500 lignes
2026-05-11 09:13:28 | INFO     | [EXTRACT] produits : 50 lignes
2026-05-11 09:13:28 | INFO     | [EXTRACT] clients : 2050 lignes
2026-05-11 09:13:28 | INFO     | [EXTRACT] regions : 10 lignes
2026-05-11 09:13:28 | INFO     | --- PHASE TRANSFORM ---
2026-05-11 09:13:28 | INFO     | [TRANSFORM] commandes → début : 51500 lignes
2026-05-11 09:13:28 | INFO     | [TRANSFORM] R1 doublons      : 1500 supprimées
2026-05-11 09:13:31 | INFO     | [TRANSFORM] R2 dates         : 0 invalides supprimées
2026-05-11 09:13:31 | INFO     | [TRANSFORM] R3 villes        : 2520 non reconnues
2026-05-11 09:13:31 | INFO     | [TRANSFORM] R4 statuts       : 23034 valeurs inconnues
2026-05-11 09:13:32 | INFO     | [TRANSFORM] R5 quantités     : 499 supprimées
2026-05-11 09:13:32 | INFO     | [TRANSFORM] R6 prix nuls     : 950 supprimées
2026-05-11 09:13:32 | INFO     | [TRANSFORM] R7 livreurs      : 3442 → '-1'
2026-05-11 09:13:32 | INFO     | [TRANSFORM] commandes → fin  : 51500 → 48551 lignes
2026-05-11 09:13:32 | INFO     | [TRANSFORM] clients   → début : 2050 lignes
2026-05-11 09:13:32 | INFO     | [TRANSFORM] R1 doublons      : 275 supprimés
2026-05-11 09:13:32 | INFO     | [TRANSFORM] R3 âges          : 0 invalides
2026-05-11 09:13:32 | INFO     | [TRANSFORM] R4 emails        : 981 invalides
2026-05-11 09:13:32 | INFO     | [TRANSFORM] clients   → fin  : 2050 → 1775 lignes
2026-05-11 09:13:32 | INFO     | [TRANSFORM] produits  → début : 50 lignes
2026-05-11 09:13:32 | INFO     | [TRANSFORM] R2 prix null     : 3 remplacés
2026-05-11 09:13:32 | INFO     | [TRANSFORM] produits  → fin  : 50 → 50 lignes
2026-05-11 09:13:32 | INFO     | --- BUILD DIMENSIONS ---
2026-05-11 09:13:32 | INFO     | [BUILD] dim_temps     : 2557 lignes
2026-05-11 09:13:32 | INFO     | [BUILD] dim_produit   : 50 lignes
2026-05-11 09:13:32 | WARNING  | [BUILD] dim_region : df_regions vide, création manuelle
2026-05-11 09:13:32 | INFO     | [BUILD] dim_region    : 10 lignes
2026-05-11 09:13:32 | INFO     | [BUILD] dim_livreur   : 21 lignes
2026-05-11 09:13:32 | INFO     | [BUILD] dim_client    : 1775 lignes
2026-05-11 09:13:33 | INFO     | [BUILD] fait_ventes   : 8318 lignes sans clé supprimées
2026-05-11 09:13:33 | INFO     | [BUILD] fait_ventes   : 40233 lignes finales
2026-05-11 09:13:33 | INFO     | --- PHASE LOAD ---
2026-05-11 09:13:33 | INFO     | [LOAD] Connexion PostgreSQL OK
2026-05-11 09:13:33 | INFO     | [LOAD] Schémas créés
2026-05-11 09:13:35 | INFO     | [LOAD] dim_temps            :   2557 lignes
2026-05-11 09:13:35 | INFO     | [LOAD] dim_produit          :     50 lignes
2026-05-11 09:13:37 | INFO     | [LOAD] dim_client           :   1775 lignes
2026-05-11 09:13:37 | INFO     | [LOAD] dim_region           :     10 lignes
2026-05-11 09:13:37 | INFO     | [LOAD] dim_livreur          :     21 lignes
2026-05-11 09:13:55 | INFO     | [LOAD] fait_ventes           :  40233 lignes
2026-05-11 09:13:55 | INFO     | PIPELINE TERMINÉ EN 27.82 secondes
2026-05-11 09:13:55 | INFO     | ============================================================
