2026-05-11 00:01:07 | INFO     | Logger initialisé → logs/etl_20260511_000107.log
2026-05-11 00:01:07 | INFO     | ============================================================
2026-05-11 00:01:07 | INFO     | DÉMARRAGE PIPELINE ETL MEXORA
2026-05-11 00:01:07 | INFO     | ============================================================
2026-05-11 00:01:07 | INFO     | --- PHASE EXTRACT ---
2026-05-11 00:01:07 | INFO     | [EXTRACT] commandes : 51500 lignes
2026-05-11 00:01:07 | INFO     | [EXTRACT] produits : 50 lignes
2026-05-11 00:01:07 | INFO     | [EXTRACT] clients : 2050 lignes
2026-05-11 00:01:07 | INFO     | [EXTRACT] regions : 10 lignes
2026-05-11 00:01:07 | INFO     | --- PHASE TRANSFORM ---
2026-05-11 00:01:07 | INFO     | [TRANSFORM] commandes → début : 51500 lignes
2026-05-11 00:01:07 | INFO     | [TRANSFORM] R1 doublons      : 1500 supprimées
2026-05-11 00:01:11 | INFO     | [TRANSFORM] R2 dates         : 0 invalides supprimées
2026-05-11 00:01:11 | INFO     | [TRANSFORM] R3 villes        : 2520 non reconnues
2026-05-11 00:01:11 | INFO     | [TRANSFORM] R4 statuts       : 23034 valeurs inconnues
2026-05-11 00:01:11 | INFO     | [TRANSFORM] R5 quantités     : 499 supprimées
2026-05-11 00:01:11 | INFO     | [TRANSFORM] R6 prix nuls     : 950 supprimées
2026-05-11 00:01:11 | INFO     | [TRANSFORM] R7 livreurs      : 3442 → '-1'
2026-05-11 00:01:11 | INFO     | [TRANSFORM] commandes → fin  : 51500 → 48551 lignes
2026-05-11 00:01:11 | INFO     | [TRANSFORM] clients   → début : 2050 lignes
2026-05-11 00:01:11 | INFO     | [TRANSFORM] R1 doublons      : 275 supprimés
2026-05-11 00:01:11 | INFO     | [TRANSFORM] R3 âges          : 0 invalides
2026-05-11 00:01:11 | INFO     | [TRANSFORM] R4 emails        : 981 invalides
2026-05-11 00:01:11 | INFO     | [TRANSFORM] clients   → fin  : 2050 → 1775 lignes
2026-05-11 00:01:11 | INFO     | [TRANSFORM] produits  → début : 50 lignes
2026-05-11 00:01:11 | INFO     | [TRANSFORM] R2 prix null     : 3 remplacés
2026-05-11 00:01:11 | INFO     | [TRANSFORM] produits  → fin  : 50 → 50 lignes
2026-05-11 00:01:11 | INFO     | --- BUILD DIMENSIONS ---
2026-05-11 00:01:11 | INFO     | [BUILD] dim_temps     : 2557 lignes
2026-05-11 00:01:11 | INFO     | [BUILD] dim_produit   : 50 lignes
2026-05-11 00:01:11 | ERROR    | ERREUR PIPELINE : 'NoneType' object is not subscriptable
Traceback (most recent call last):
  File "c:\Users\pcc\OneDrive\Documents\mexora_etl\main.py", line 55, in run_pipeline
    dim_region  = build_dim_region(df_regions_raw)
  File "c:\Users\pcc\OneDrive\Documents\mexora_etl\transform\build_dimensions.py", line 30, in build_dim_region
    df = df_regions[["nom_ville_standard","province","region_admin","zone_geo"]].copy()
         ~~~~~~~~~~^^^^^^^^^^^^^^^^^^^^^^^^^^^^^^^^^^^^^^^^^^^^^^^^^^^^^^^^^^^^^
TypeError: 'NoneType' object is not subscriptable
