2026-05-10 01:11:36 | INFO     | Logger initialisé → logs/etl_20260510_011136.log
2026-05-10 01:11:36 | INFO     | Logger initialisé → logs/etl_20260510_011136.log
2026-05-10 01:11:36 | INFO     | Logger initialisé → logs/etl_20260510_011136.log
2026-05-10 01:11:36 | INFO     | ============================================================
2026-05-10 01:11:36 | INFO     | ============================================================
2026-05-10 01:11:36 | INFO     | DÉMARRAGE PIPELINE ETL MEXORA
2026-05-10 01:11:36 | INFO     | DÉMARRAGE PIPELINE ETL MEXORA
2026-05-10 01:11:36 | INFO     | ============================================================
2026-05-10 01:11:36 | INFO     | ============================================================
2026-05-10 01:11:36 | INFO     | --- PHASE EXTRACT ---
2026-05-10 01:11:36 | INFO     | --- PHASE EXTRACT ---
2026-05-10 01:11:36 | ERROR    | ERREUR PIPELINE : extract_commandes() takes 0 positional arguments but 1 was given
Traceback (most recent call last):
  File "c:\Users\pcc\OneDrive\Documents\mexora_etl\main.py", line 41, in run_pipeline
    df_commandes_raw = extract_commandes(PATH_COMMANDES)
TypeError: extract_commandes() takes 0 positional arguments but 1 was given
2026-05-10 01:11:36 | ERROR    | ERREUR PIPELINE : extract_commandes() takes 0 positional arguments but 1 was given
Traceback (most recent call last):
  File "c:\Users\pcc\OneDrive\Documents\mexora_etl\main.py", line 41, in run_pipeline
    df_commandes_raw = extract_commandes(PATH_COMMANDES)
TypeError: extract_commandes() takes 0 positional arguments but 1 was given
