2026-05-10 23:55:14 | INFO     | Logger initialisé → logs/etl_20260510_235514.log
2026-05-10 23:55:14 | INFO     | ============================================================
2026-05-10 23:55:14 | INFO     | DÉMARRAGE PIPELINE ETL MEXORA
2026-05-10 23:55:14 | INFO     | ============================================================
2026-05-10 23:55:14 | INFO     | --- PHASE EXTRACT ---
2026-05-10 23:55:15 | INFO     | [EXTRACT] commandes : 51500 lignes
2026-05-10 23:55:15 | INFO     | [EXTRACT] produits : 50 lignes
2026-05-10 23:55:15 | INFO     | [EXTRACT] clients : 2050 lignes
2026-05-10 23:55:15 | INFO     | [EXTRACT] regions : 10 lignes
2026-05-10 23:55:15 | INFO     | --- PHASE TRANSFORM ---
2026-05-10 23:55:15 | INFO     | [TRANSFORM] commandes → début : 51500 lignes
2026-05-10 23:55:15 | INFO     | [TRANSFORM] R1 doublons      : 1500 supprimées
2026-05-10 23:55:23 | INFO     | [TRANSFORM] R2 dates         : 0 invalides supprimées
2026-05-10 23:55:23 | ERROR    | ERREUR PIPELINE : 'NoneType' object has no attribute 'iterrows'
Traceback (most recent call last):
  File "c:\Users\pcc\OneDrive\Documents\mexora_etl\main.py", line 47, in run_pipeline
    df_commandes = transform_commandes(df_commandes_raw, df_regions_raw)
  File "c:\Users\pcc\OneDrive\Documents\mexora_etl\transform\clean_commandes.py", line 48, in transform_commandes
    mapping_villes = _construire_mapping_villes(df_regions)
  File "c:\Users\pcc\OneDrive\Documents\mexora_etl\transform\clean_commandes.py", line 23, in _construire_mapping_villes
    for _, row in df_regions.iterrows():
                  ^^^^^^^^^^^^^^^^^^^
AttributeError: 'NoneType' object has no attribute 'iterrows'
